[INFO] Scanning for projects...
[INFO] 
[INFO] --------------------< com.mednex:mednex-enterprise >--------------------
[INFO] Building mednex-enterprise 0.0.1-SNAPSHOT
[INFO]   from pom.xml
[INFO] --------------------------------[ jar ]---------------------------------
[INFO] 
[INFO] --- clean:3.5.0:clean (default-clean) @ mednex-enterprise ---
[INFO] Deleting C:\Users\viraj\Desktop\projects\mednex-enterprise\target
[INFO] 
[INFO] --- resources:3.3.1:resources (default-resources) @ mednex-enterprise ---
[INFO] Copying 2 resources from src\main\resources to target\classes
[INFO] Copying 7 resources from src\main\resources to target\classes
[INFO] 
[INFO] --- compiler:3.14.1:compile (default-compile) @ mednex-enterprise ---
[INFO] Recompiling the module because of changed source code.
[INFO] Compiling 109 source files with javac [debug parameters release 21] to target\classes
[INFO] /C:/Users/viraj/Desktop/projects/mednex-enterprise/src/main/java/com/mednex/mednex_enterprise/security/filter/JwtAuthFilter.java: C:\Users\viraj\Desktop\projects\mednex-enterprise\src\main\java\com\mednex\mednex_enterprise\security\filter\JwtAuthFilter.java uses or overrides a deprecated API.
[INFO] /C:/Users/viraj/Desktop/projects/mednex-enterprise/src/main/java/com/mednex/mednex_enterprise/security/filter/JwtAuthFilter.java: Recompile with -Xlint:deprecation for details.
[INFO] -------------------------------------------------------------
[ERROR] COMPILATION ERROR : 
[INFO] -------------------------------------------------------------
[ERROR] /C:/Users/viraj/Desktop/projects/mednex-enterprise/src/main/java/com/mednex/mednex_enterprise/module/pharmacy/service/PharmacyDispensingService.java:[165,76] cannot find symbol
  symbol:   method getFullName()
  location: class com.mednex.mednex_enterprise.core.entity.User
[INFO] 1 error
[INFO] -------------------------------------------------------------
[INFO] ------------------------------------------------------------------------
[INFO] BUILD FAILURE
[INFO] ------------------------------------------------------------------------
[INFO] Total time:  11.470 s
[INFO] Finished at: 2026-03-04T20:57:36+05:30
[INFO] ------------------------------------------------------------------------
[ERROR] Failed to execute goal org.apache.maven.plugins:maven-compiler-plugin:3.14.1:compile (default-compile) on project mednex-enterprise: Compilation failure
[ERROR] /C:/Users/viraj/Desktop/projects/mednex-enterprise/src/main/java/com/mednex/mednex_enterprise/module/pharmacy/service/PharmacyDispensingService.java:[165,76] cannot find symbol
[ERROR]   symbol:   method getFullName()
[ERROR]   location: class com.mednex.mednex_enterprise.core.entity.User
[ERROR] 
[ERROR] -> [Help 1]
[ERROR] 
[ERROR] To see the full stack trace of the errors, re-run Maven with the -e switch.
[ERROR] Re-run Maven using the -X switch to enable full debug logging.
[ERROR] 
[ERROR] For more information about the errors and possible solutions, please read the following articles:
[ERROR] [Help 1] http://cwiki.apache.org/confluence/display/MAVEN/MojoFailureException
