[INFO] Scanning for projects...
[INFO] 
[INFO] --------------------< com.mednex:mednex-enterprise >--------------------
[INFO] Building mednex-enterprise 0.0.1-SNAPSHOT
[INFO]   from pom.xml
[INFO] --------------------------------[ jar ]---------------------------------
[INFO] 
[INFO] --- resources:3.3.1:resources (default-resources) @ mednex-enterprise ---
[INFO] Copying 2 resources from src\main\resources to target\classes
[INFO] Copying 7 resources from src\main\resources to target\classes
[INFO] 
[INFO] --- compiler:3.14.1:compile (default-compile) @ mednex-enterprise ---
[INFO] Recompiling the module because of changed source code.
[INFO] Compiling 86 source files with javac [debug parameters release 21] to target\classes
[INFO] /C:/Users/viraj/Desktop/projects/mednex-enterprise/src/main/java/com/mednex/mednex_enterprise/security/filter/JwtAuthFilter.java: C:\Users\viraj\Desktop\projects\mednex-enterprise\src\main\java\com\mednex\mednex_enterprise\security\filter\JwtAuthFilter.java uses or overrides a deprecated API.
[INFO] /C:/Users/viraj/Desktop/projects/mednex-enterprise/src/main/java/com/mednex/mednex_enterprise/security/filter/JwtAuthFilter.java: Recompile with -Xlint:deprecation for details.
[INFO] -------------------------------------------------------------
[ERROR] COMPILATION ERROR : 
[INFO] -------------------------------------------------------------
[ERROR] /C:/Users/viraj/Desktop/projects/mednex-enterprise/src/main/java/com/mednex/mednex_enterprise/module/clinical/patient/controller/PatientController.java:[48,48] cannot find symbol
  symbol:   method getPatientProfile(com.mednex.mednex_enterprise.core.entity.User)
  location: variable patientService of type com.mednex.mednex_enterprise.module.clinical.patient.service.PatientService
[ERROR] /C:/Users/viraj/Desktop/projects/mednex-enterprise/src/main/java/com/mednex/mednex_enterprise/module/clinical/patient/controller/PatientController.java:[55,23] cannot find symbol
  symbol:   method updatePatientProfile(com.mednex.mednex_enterprise.core.entity.User,com.mednex.mednex_enterprise.module.clinical.patient.dto.PatientProfileUpdateDTO)
  location: variable patientService of type com.mednex.mednex_enterprise.module.clinical.patient.service.PatientService
[INFO] 2 errors 
[INFO] -------------------------------------------------------------
[INFO] ------------------------------------------------------------------------
[INFO] BUILD FAILURE
[INFO] ------------------------------------------------------------------------
[INFO] Total time:  11.181 s
[INFO] Finished at: 2026-03-04T00:40:55+05:30
[INFO] ------------------------------------------------------------------------
[ERROR] Failed to execute goal org.apache.maven.plugins:maven-compiler-plugin:3.14.1:compile (default-compile) on project mednex-enterprise: Compilation failure: Compilation failure: 
[ERROR] /C:/Users/viraj/Desktop/projects/mednex-enterprise/src/main/java/com/mednex/mednex_enterprise/module/clinical/patient/controller/PatientController.java:[48,48] cannot find symbol
[ERROR]   symbol:   method getPatientProfile(com.mednex.mednex_enterprise.core.entity.User)
[ERROR]   location: variable patientService of type com.mednex.mednex_enterprise.module.clinical.patient.service.PatientService
[ERROR] /C:/Users/viraj/Desktop/projects/mednex-enterprise/src/main/java/com/mednex/mednex_enterprise/module/clinical/patient/controller/PatientController.java:[55,23] cannot find symbol
[ERROR]   symbol:   method updatePatientProfile(com.mednex.mednex_enterprise.core.entity.User,com.mednex.mednex_enterprise.module.clinical.patient.dto.PatientProfileUpdateDTO)
[ERROR]   location: variable patientService of type com.mednex.mednex_enterprise.module.clinical.patient.service.PatientService
[ERROR] -> [Help 1]
[ERROR] 
[ERROR] To see the full stack trace of the errors, re-run Maven with the -e switch.
[ERROR] Re-run Maven using the -X switch to enable full debug logging.
[ERROR] 
[ERROR] For more information about the errors and possible solutions, please read the following articles:
[ERROR] [Help 1] http://cwiki.apache.org/confluence/display/MAVEN/MojoFailureException
